06-13 18:11:31 com_github_MitjaNemec_ReplicateLayout.action_replicate_layout 409:Plugin executed on: 'win32'
06-13 18:11:31 com_github_MitjaNemec_ReplicateLayout.action_replicate_layout 410:Plugin executed with python version: '3.11.5 (main, Jan 23 2026, 07:39:48) [MSC v.1944 64 bit (AMD64)]'
06-13 18:11:31 com_github_MitjaNemec_ReplicateLayout.action_replicate_layout 411:KiCad build version: 10.0.3
06-13 18:11:31 com_github_MitjaNemec_ReplicateLayout.action_replicate_layout 412:Plugin version: 4.0.3
06-13 18:11:31 com_github_MitjaNemec_ReplicateLayout.action_replicate_layout 413:Frame repr: <wx._core.Frame object at 0x00000277D9F49360>
06-13 18:11:31 com_github_MitjaNemec_ReplicateLayout.action_replicate_layout 437:Preparing replicator with U9 as a reference
06-13 18:11:31 com_github_MitjaNemec_ReplicateLayout.replicate_layout 117:getting a list of all footprints on board
06-13 18:11:31 com_github_MitjaNemec_ReplicateLayout.action_replicate_layout 485:source anchor footprint is 'U9'
Located on: ['/CAN0/']
With filenames: ['can_controller.kicad_sch']
With sheet_id:['/CAN0/']
06-13 18:11:31 com_github_MitjaNemec_ReplicateLayout.action_replicate_layout 492:Corresponding footprints are 
[('U10', ['/CAN1/']), ('U12', ['/CAN2/']), ('U9', ['/CAN0/'])]
06-13 18:11:31 com_github_MitjaNemec_ReplicateLayout.action_replicate_layout 504:Showing dialog
06-13 18:11:31 com_github_MitjaNemec_ReplicateLayout.replicate_layout 472:constructing a list of sheets suitable for replication on level:'/CAN0/', file:'can_controller.kicad_sch'
06-13 18:11:31 com_github_MitjaNemec_ReplicateLayout.replicate_layout 509:suitable sheets are:[['/CAN1/'], ['/CAN2/']]
06-13 18:11:31 com_github_MitjaNemec_ReplicateLayout.replicate_layout 1512:Level selected: ['/CAN0/']
06-13 18:11:31 com_github_MitjaNemec_ReplicateLayout.replicate_layout 1336:Filtering list of tracks
06-13 18:11:31 com_github_MitjaNemec_ReplicateLayout.action_replicate_layout 519:Fatal error when making an instance of replicator
Traceback (most recent call last):
  File "C:\Users\nganc\OneDrive\文档\KiCad\10.0\3rdparty\\plugins\com_github_MitjaNemec_ReplicateLayout\action_replicate_layout.py", line 509, in Run
    toolbar_pos = self.frame.FindWindowById(pcbnew.ID_V_TOOLBAR).GetScreenPosition()
                                            ^^^^^^^^^^^^^^^^^^^
AttributeError: module 'pcbnew' has no attribute 'ID_V_TOOLBAR'
